// Jest Snapshot v1, https://goo.gl/fbAQLP

exports[`PrivacyDetails component should render 1`] = `
<DocumentFragment>
  <div
    class="PrivacyDetails"
    data-testid="privacyDetails"
  >
    <form
      action="#"
    >
      <label>
        <input
          data-testid="trayProduct"
          name="newsletters"
          type="checkbox"
          value="trayProduct"
        />
        Receive updates about Tray.io product by email
      </label>
      <label>
        <input
          data-testid="otherProducts"
          name="newsletters"
          type="checkbox"
          value="otherProducts"
        />
        Receive communication by email for other products created by the Tray.io team
      </label>
      <button
        class="Button"
        data-testid="privacyDetailsSubmit"
        type="submit"
      >
        Submit
      </button>
    </form>
  </div>
</DocumentFragment>
`;
