// Jest Snapshot v1, https://goo.gl/fbAQLP

exports[`App component should render 1`] = `
<DocumentFragment>
  <div
    class="Layout"
  >
    <h1>
      Tray.io
    </h1>
    <nav>
      <ol
        class="FormTabs"
      >
        <li
          class="FormTab  active"
        >
          <a
            class="Link"
            href="#"
          >
            User
          </a>
        </li>
        <li
          class="FormTab middle "
        >
          <a
            class="Link"
            href="#"
          >
            Privacy
          </a>
        </li>
        <li
          class="FormTab  "
        >
          <a
            class="Link"
            href="#"
          >
            Done
          </a>
        </li>
      </ol>
    </nav>
    <div
      class="Page"
    >
      <div
        class="UserDetails"
      >
        <p
          class="Legend"
        >
          * is a required field
        </p>
        <form
          action="#"
        >
          <div
            class="LabelContainer"
          >
            <label
              for="name"
            >
              Name: 
              <span
                class="Required"
              >
                *
              </span>
            </label>
          </div>
          <input
            name="name"
            placeholder="Jane Doe"
            type="text"
            value=""
          />
          <div
            class="LabelContainer"
          >
            <label
              for="role"
            >
              Role:
            </label>
          </div>
          <input
            name="role"
            placeholder="Engineer"
            type="text"
            value=""
          />
          <div
            class="LabelContainer"
          >
            <label
              for="email"
            >
              Email: 
              <span
                class="Required"
              >
                *
              </span>
            </label>
          </div>
          <input
            name="email"
            placeholder="name@company.com"
            type="email"
            value=""
          />
          <div
            class="LabelContainer"
          >
            <label
              for="password"
            >
              Password: 
              <span
                class="Required"
              >
                *
              </span>
            </label>
          </div>
          <input
            name="password"
            placeholder="Min. 10 chars"
            type="password"
            value=""
          />
          <button
            class="Button"
            disabled=""
            type="submit"
          >
            Submit
          </button>
        </form>
      </div>
    </div>
  </div>
</DocumentFragment>
`;
